From daemon Tue Jan 21 05:37:22 1997
Received: from rs8.loc.gov (rs8.loc.gov [140.147.248.8]) by poe.acc.Virginia.EDU (8.7.6/8.6.6) with ESMTP id FAA70893 for <pm9k@poe.acc.virginia.edu>; Tue, 21 Jan 1997 05:37:21 -0500
Received: from localhost (cairo@localhost)
          by rs8.loc.gov (8.8.4/8.8.4) with SMTP
	  id FAA134114; Tue, 21 Jan 1997 05:36:43 -0500
Date: Tue, 21 Jan 1997 05:36:43 -0500 (EST)
From: Cairo <cairo@loc.gov>
To: LC-Participants acquisition Circular list -- British Library <colin.baker@mail.bl.uk>,
        indiana univ lib lib11 <shendren@indiana.edu>,
        univ of virginia lib11b <pm9k@poe.acc.virginia.edu>,
        univ of chicago lib13 <mideast-library@uchicago.edu>,
        georgetown univ lib14 <bickettb@gunet.georgetown.edu>,
        univ of washington lib16 <marys@u.washington.edu>,
        new york public lib20 <toddthom@nyplgate.nypl.org>,
        new york univ lib21 <gastonm@elmer1.bobst.nyu.edu>,
        yale lib22 <simon.samoeil@yale.edu>,
        univ of arizona lib23 <midhata@bird.library.arizona.edu>,
        univ of illinois lib24 <naggarwa@uiuc.edu>,
        "portland state univ. lib25" <kern@lib.pdx.edu>,
        temple univ library lib26 <lzein@astro.ocis.temple.edu>,
        "harvard univ. lib3" <mhopper@fas.harvard.edu>,
        "cornell univ. lib35" <ah16@cornell.edu>,
        "McGill Univ. Library lib48" <gacek@lib1.lan.mcgill.ca>,
        columbia lib5 <unlandhe@columbia.edu>,
        washington univ lib50 <Suad-M-Gamal@library.wustl.edu>,
        pennsylvania lib7 <rld@pobox.upenn.edu>
Subject: cbf1
Message-ID: <Pine.A32.3.93.970121053459.69738A-100000@rs8.loc.gov>
MIME-Version: 1.0
Content-Type: TEXT/PLAIN; charset=US-ASCII
Status: OR

                     Cairo Book Fair 1

1-                    LCN: 89967032
 Ghawil, Sulayman Salih. al-Dawlah
al-qawmiyah : dirasah tahliliyah fi
daw al-nazariyah al-alamiyah
al-thalithah / Sulayman Salih
al-Ghawil. al-Tabah 2. Tarabulus,
al-Jamahiriyah : al-Markaz al-Alami
li-Dirasat wa-Abhath al-Kitab
al-Akhdar, [1996] $3.50 (U.S.). 300
p. ; 25 cm. Includes bibliographical
references. Analysis of the theory
of the nation state applied to Third
World countries. 
 
 
 @@ 
2-                    LCN: 96963315
 Hashim, Watfa Hammadi. al-Turath :
atharuhu wa-tawzifahu fi masrah
Tawfiq al-Hakim / Watfa Hammadi
Hashim. al-Tabah 1. Bayrut : Dar Ibn
Rushd, 1996. $10.00 (U.S.) 265 p. ;
24 cm. Includes bibliographical
references (p. 247-261). On the
impact of Arabic heritage in the
dramatic works of Tawfiq al-Hakim. 
 
 
 @@ 
3-                    LCN: 97958280
 Bulus, Sarkun. Hamil al-fanus fi
layl al-dhiab : shir / Sarkun Bulus.
Koln, Germany : Manshurat al-Jamal,
1996. $5.00 (U.S.). 122 p. ; 22 cm.
Poetry.  
 
 
 @@ 
4-                    LCN: 97958281
 Qutb, Sayyid, Muhimmat al-shair fi
al-hayah wa-shir al-jil al-hadir /
Sayyid Qutb. Koln, Germany :
Manshurat al-Jamal, 1996. $4.00
(U.S.). 80 p. ; 22 cm. Contemporary
poetic theory. 
 
 
 @@ 
5-                    LCN: 97958282
 Azzawi, Fadil. Kumidiya al-ashbah :
riwayah / Fadil Azzawi. Koln,
Germany : Manshurat al-Jamal, 1996.
$6.25 (U.S.). 216 p. ; 22 cm. Novel.

 
 
 @@ 
6-                    LCN: 97960087
 Azab, Muhammad Zaynahum Muhammad.
al-Idarah al-markaziyah lil-dawlah
al-Umawiyah / talif Muhammad
Zaynahum Muhammad Azab. al-Qahirah :
Dar al-Firjani, [1996] $3.00 (U.S.).
254 p. ; 20 cm. Includes
bibliographical references and
indexes. On the central
administration of the Omayyad state. 

 

                  ISBN: 9775496322 
 @@ 
7-                    LCN: 97963004
 Abu Zayd, Muna Ahmad Muhammad.
al-Fikr al-kalami inda Ibn Khaldun /
Muna Ahmad Abu Zayd. al-Tabah 1.
Bayrut : Majd al-Muassasah
al-Jamiiyah lil-Dirasat wa-al-Nashr,
1997. $8.75 (U.S.). 256 p. ; 25 cm.
Includes bibliographical references.
Analysis of the theological position
of a classic Arab historiographer. 
 
 
 @@ 
8-                    LCN: 97963005
 Balqaziz, Abd al-Ilah. al-Khitab
al-islahi fi al-Maghrib, 1844-1918 /
Abd al-Ilah Balqaziz. al-Tabah 1.
Bayrut : Dar al-Muntakhab al-Arabi,
1997. $8.75 (U.S.). 232 p. ; 25 cm.
Includes bibliographical references.
On political and religious reformism
in North Africa in the 19th century.

 
 
 @@ 
9-                    LCN: 97967650
 Nadwat al-fikr al-siyasi al-muasir
: al-dimuqratiyah, al-mafhum
wa-al-mumarasah / al-Markaz al-Alami
lil-Dirasat wa-Abhath al-Kitab
al-Akhdar. al-Tabah 1.
al-Jamahiriyah al-Libiyah :
al-Markaz al-Alami lil-Dirasat
wa-Abhath al-Kitab al-Akhdar, 1996.
$3.50 (U.S.). 384 p. ; 24 cm.
Seminar papers on democracy in
theory and practice. 
 
 
 @@ 


From daemon Tue Jan 21 06:55:33 1997
Received: from rs8.loc.gov (rs8.loc.gov [140.147.248.8]) by poe.acc.Virginia.EDU (8.7.6/8.6.6) with ESMTP id GAA63904 for <pm9k@poe.acc.virginia.edu>; Tue, 21 Jan 1997 06:55:32 -0500
Received: from localhost (cairo@localhost)
          by rs8.loc.gov (8.8.4/8.8.4) with SMTP
	  id GAA55416; Tue, 21 Jan 1997 06:55:14 -0500
Date: Tue, 21 Jan 1997 06:55:13 -0500 (EST)
From: Cairo <cairo@loc.gov>
To: LC-Participants acquisition Circular list -- British Library <colin.baker@mail.bl.uk>,
        indiana univ lib lib11 <shendren@indiana.edu>,
        univ of virginia lib11b <pm9k@poe.acc.virginia.edu>,
        univ of chicago lib13 <mideast-library@uchicago.edu>,
        georgetown univ lib14 <bickettb@gunet.georgetown.edu>,
        univ of washington lib16 <marys@u.washington.edu>,
        new york public lib20 <toddthom@nyplgate.nypl.org>,
        new york univ lib21 <gastonm@elmer1.bobst.nyu.edu>,
        yale lib22 <simon.samoeil@yale.edu>,
        univ of arizona lib23 <midhata@bird.library.arizona.edu>,
        univ of illinois lib24 <naggarwa@uiuc.edu>,
        "portland state univ. lib25" <kern@lib.pdx.edu>,
        temple univ library lib26 <lzein@astro.ocis.temple.edu>,
        "cornell univ. lib35" <ah16@cornell.edu>,
        "McGill Univ. Library lib48" <gacek@lib1.lan.mcgill.ca>,
        columbia lib5 <unlandhe@columbia.edu>,
        washington univ lib50 <Suad-M-Gamal@library.wustl.edu>,
        pennsylvania lib7 <rld@pobox.upenn.edu>
Subject: cbf2
Message-ID: <Pine.A32.3.93.970121065438.156202A-100000@rs8.loc.gov>
MIME-Version: 1.0
Content-Type: TEXT/PLAIN; charset=US-ASCII
Status: OR

                       Cairo Book Fair (2)
                       [Titles from Egypt]
  
1-                    LCN: 97960081
 Abu al-Anwar, Muhammad. al-Shir
al-Abbasi : alamuhu wa-qadayah /
talif Muhammad Abu al-Anwar. [Cairo]
: Maktabat al-Shabab, 1417H
[1996-1997]. $2.95 (U.S.). 300 p. ;
24 cm. Includes bibliographical
references. On issues and themes in
Abbasid poetry. 
 
 
 @@ 
2-                    LCN: 97960088
 Hasan, Uthman Muhammad. Ruwad fi
masirat al-tanwir / Uthman Muhammad
al-Hasan. al-Tabah 1. al-Qahirah :
Dar al-Mustaqbal al-Arabi, 1996.
$2.65 (U.S.). 126 p. ; 20 cm. On
eight personalities from 20th
century Sudanese intellectual life. 
 

                  ISBN: 9772391163 
 @@ 
3-                    LCN: 97960089
 Bultaji, Muhammad. Buhuth mukhtarah
fi al-Sunnah / Muhammad Bultaji.
[Cairo] : Maktabat al-Shabab, 1417H
[1996-1997]. $2.95 (U.S.). 274 p. ;
24 cm. Includes bibliographical
references. Studies on the Tradition
of the Prophet Muhammad. 
 
 
 @@ 
4-                    LCN: 97960090
 Abu al-Anwar, Muhammad. al-Shir
al-Arabi al-hadith fi Misr : rawafid
al-tatawwur wa-al-tajdid fi siyaq
al-maarik al-adabiyah / talif
Muhammad Abu al-Anwar. [Cairo] :
Maktabat al-Shabab, 1417H
[1996-1997]. $3.55 (U.S.). 295 p. ;
23 cm. Includes bibliographical
references. On development and
innovation in 20th century Arabic
poetry. 
 

                  ISBN: 9772160382 
 @@ 
5-                    LCN: 97960093
 Qaradawi, Yusuf. al-Sunnah masdaran
lil-marifah wa-al-hadarah / Yusuf
al-Qaradawi. al-Tabah 1. al-Qahirah
: Dar al-Shuruq, 1997. $4.40 (U.S.).
311 p. ; 23 cm. Includes
bibliographical references. On the
Sunnah as a prime source of
knowledge and civilization. 


                  ISBN: 977090371X 
 @@ 
6-                    LCN: 97960094
 Mahfuz, Najib. Watani Misr :
hiwarat maa Muhammad Salmawi / Najib
Mahfuz ; bi-adasat Sarah Salmawi.
al-Tabah 1. al-Qahirah : Dar
al-Shuruq, 1997. $2.95 (U.S.). 101
p. : ill ; 23 cm. Interviews on
Egyptian social and cultural life. 
 

                  ISBN: 9770903639 
 @@ 
7-                    LCN: 97960095
 Badran, Majid. Ahwal al-nisa fi
Misr / Majid Badran. al-Tabah 1.
[Egypt] : Dar Diwan, 1996. $2.35
(U.S.). 159 p. ; 24 cm. Includes
bibliographical references. On
marriage and divorce in Egypt,
intended for the general reader. 
 

                  ISBN: 9775715040 
 @@ 
8-                    LCN: 97960096
 Rajab, Muna. Wujuh bi-la rutush :
qisas / Muna Rajab. al-Qahirah : Dar
Gharib lil-Tibaah wa-al-Nashr
wa-al-Tawzi, 1997. $1.20 (U.S.). 119
p. ; 20 cm. Short stories by a woman
author. 
 

                  ISBN: 9772152142 
 @@ 
9-                    LCN: 97960097
 Juwaydah, Faruq. Qadaya
sakhinah..jiddan / Faruq Juwaydah.
al-Tabah 1. al-Qahirah : Dar Gharib
lil-Tibaah wa-al-Nashr wa-al-Tawzi,
1997. $1.75 (U.S.). 179 p. ; 19 cm.
Essays on current issues in Egyptian
social and intellectual life. 
 

                  ISBN: 9772152134 
 @@ 
10-                   LCN: 97960098
 Juwaydah, Faruq. Umr min waraq.. /
Faruq Juwaydah. al-Tabah 1.
al-Qahirah : Dar Gharib lil-Tibaah
wa-al-Nashr wa-al-Tawzi, 1997. $1.75
(U.S.). 199 p. ; 19 cm. Literary
miscellany, partly autobiographical.

 

                  ISBN: 9772152053 
 @@ 
11-                   LCN: 97960099
 Elmessiri, Abdelwahab M..
al-Sahyuniyah wa-al-Naziyah
wa-nihayat al-tarikh : ruyah
hadariyah jadidah / Abd al-Wahhab
al-Musayyari. al-Tabah 1. al-Qahirah
: Dar al-Shuruq, 1997. $4.40 (U.S.).
303 p. ; 23 cm. Includes
bibliographical references. Study of
the Holocaust, its influence on
Western thought and its exploitation
by Zionism. 
 

                  ISBN: 9770903701 
 @@ 
12-                   LCN: 97960100
 Shash, Tahir. al-Tatarruf
al-Israili : judhuruhu wa-hasaduh /
Tahir Shash. al-Tabah 1. al-Qahirah
: Dar al-Shuruq, 1997. $2.35 (U.S.).
149 p. ; 24 cm. Includes
bibliographical references. Israeli
extremism in historical context, for
the general reader. 
 

                  ISBN: 977090368X 
 @@ 
13-                   LCN: 97960101
 Badawi, Jamal. Masrur
al-sayyaf...wa-ikhwanuh / Jamal
Badawi. al-Tabah 1. al-Qahirah : Dar
al-Shuruq, 1997. $2.35 (U.S.). 151
p. ; 20 cm. Six stories of classic
Muslims persecuted and executed by
their contemporaries, retold for
popular readership. 
 

                  ISBN: 9770903671 
 @@ 
14-                   LCN: 97960102
 Imarah, Muhammad. al-Tayyar
al-qawmi al-Islami / Muhammad
Imarah. al-Tabah 1. al-Qahirah : Dar
al-Shuruq, 1997. $2.95 (U.S.). 199
p. ; 20 cm. Includes bibliographical
references. On Islamic nationalism
versus Arabism as the model for the
contemporary Arab World. 
 

                  ISBN: 9770903728 
 @@ 
15-                   LCN: 97960103
 Habib, Rafiq. Tafkik
al-dimuqratiyah / Rafiq Habib.
al-Tabah 1. al-Qahirah : Dar
al-Shuruq, 1997. $1.75 (U.S.). 127
p. ; 20 cm. Deconstructionalist
study of the concept of democracy,
with reference to 20th century
Islam. 
 

                  ISBN: 9770903663 
 @@ 


From daemon Tue Jan 21 08:14:18 1997
Received: from rs8.loc.gov (rs8.loc.gov [140.147.248.8]) by poe.acc.Virginia.EDU (8.7.6/8.6.6) with ESMTP id IAA56287 for <pm9k@poe.acc.virginia.edu>; Tue, 21 Jan 1997 08:14:16 -0500
Received: from localhost (cairo@localhost)
          by rs8.loc.gov (8.8.4/8.8.4) with SMTP
	  id IAA148218; Tue, 21 Jan 1997 08:13:56 -0500
Date: Tue, 21 Jan 1997 08:13:56 -0500 (EST)
From: Cairo <cairo@loc.gov>
To: LC-Participants acquisition Circular list -- British Library <colin.baker@mail.bl.uk>,
        indiana univ lib lib11 <shendren@indiana.edu>,
        univ of virginia lib11b <pm9k@poe.acc.virginia.edu>,
        univ of chicago lib13 <mideast-library@uchicago.edu>,
        georgetown univ lib14 <bickettb@gunet.georgetown.edu>,
        univ of washington lib16 <marys@u.washington.edu>,
        new york public lib20 <toddthom@nyplgate.nypl.org>,
        new york univ lib21 <gastonm@elmer1.bobst.nyu.edu>,
        yale lib22 <simon.samoeil@yale.edu>,
        univ of arizona lib23 <midhata@bird.library.arizona.edu>,
        univ of illinois lib24 <naggarwa@uiuc.edu>,
        "portland state univ. lib25" <kern@lib.pdx.edu>,
        temple univ library lib26 <lzein@astro.ocis.temple.edu>,
        "cornell univ. lib35" <ah16@cornell.edu>,
        "McGill Univ. Library lib48" <gacek@lib1.lan.mcgill.ca>,
        columbia lib5 <unlandhe@columbia.edu>,
        washington univ lib50 <Suad-M-Gamal@library.wustl.edu>,
        pennsylvania lib7 <rld@pobox.upenn.edu>
Subject: cbf3
Message-ID: <Pine.A32.3.93.970121081319.61490A-100000@rs8.loc.gov>
MIME-Version: 1.0
Content-Type: TEXT/PLAIN; charset=US-ASCII
Status: OR

                        Cairo Book Fair 3
                       [Titles from Egypt]


1-                    LCN: 97960091
 Tatawi, Abd Allah. al-Turath
wa-al-muaradah inda Ahmad Shawqi /
talif Abd Allah al-Tatawi.
al-Qahirah : Dar Gharib lil-Tibaah
wa-al-Nashr wa-al-Tawzi, [1997]
$2.95 (U.S.). 169 p. ; 24 cm. On
heritage and opposition as major
influences on a leading modern
Egyptian poet. 
 

                  ISBN: 9772152088 
 @@ 
2-                    LCN: 97960092
 Jalaynad, Muhammad al-Sayyid.
Dirasat fi al-Fikr al-Islami
al-Muasir / Muhammad al-Sayyid
al-Jalaynad, Muhammad Abd Allah
al-Sharqawi. al-Qahirah : Dar
al-Thaqafah al-Arabiyah, 1996. $8.85
(U.S.). 285 p. ; 24 cm. Includes
bibliographical references. Studies
on contemporary Islamic thought,
Orientalism and extremism. 
 

                  ISBN: 9772221306 
 @@ 
3-                    LCN: 97960104
 Qasim, Mahmud. al-Adab al-Arabi
al-maktub bi-al-lughah al-Faransiyah
/ Mahmud Qasim. [Cairo] : al-Hayah
al-Misriyah al-Ammah lil-Kitab,
1996. $1.70 (U.S.). 234 p. ; 24 cm.
Includes bibliographical references
(p. 224-225). Study of French
literature by Arab authors. 
 

                  ISBN: 9770147451 
 @@ 
4-                    LCN: 97960105
 Tarabili, Abbas. Shawari laha
tarikh : siyahah fi aql al-ummah /
Abbas al-Tarabili. Tabah 1.
al-Qahirah : al-Dar al-Misriyah
al-Lubnaniyah, 1997. $3.55 (U.S.).
223 p. : ill. ; 24 cm. Includes
bibliographical references (p.
221-222). On the history of Cairo's
streets, with emphasis on the 19th
century. 
 

                  ISBN: 9772702908 
 @@ 
5-                    LCN: 97960106
 Mutawalli, Sabri. al-Tawjih
al-lughawi wa-al-balaghi li-qiraat
al-Imam Asim / talif Sabri
al-Mutawalli al-Mutawalli ; ajazahu
Shawqi Dayf. al-Qahirah : Dar Gharib
lil-Tibaah wa-al-Nashr wa-al-Tawzi,
1996. $3.55 (U.S.). 327 p. ; 24 cm.
Includes bibliographical references
(p. 307-317). Analysis of the
linguistic and rhetorical
peculiarities of one of the main
Koranic readings. 
 

                  ISBN: 9772152096 
 @@ 
6-                    LCN: 97960107
 Dawud, Abd al-Bari Muhammad.
al-Fana inda Sufiyat al-Muslimin
wa-al-aqaid al-ukhra : dirasah
muqaranah / Abd al-Bari Muhammad
Dawud. Tabah 1. al-Qahirah : al-Dar
al-Misriyah al-Lubnaniyah, 1997.
$7.35 (U.S.). 524 p. ; 24 cm.
Includes bibliographical references
(p. 485-519). On the Sufi doctrine
of annihilation. 
 

                  ISBN: 9772703068 
 @@ 
7-                    LCN: 97960108
 Abd al-Muttalib, Muhammad. Hakadha
takallama al-nass : istintaq
al-khitab al-shiri li-Rifat Sallam /
Muhammad Abd al-Muttalib. [Cairo] :
al-Hayah al-Misriyah al-Ammah
lil-Kitab, 1997. $2.35 (U.S.). 255
p. ; 24 cm. Includes bibliographical
references (p. 247-248). Semantic
study of Arabic poetry, 1950-1979. 
 

                  ISBN: 9770150533 
 @@ 
8-                    LCN: 97960109
 Mutii, Lami. Mawsuat hadha al-rajul
min Misr / Lami al-Mutii. Tabah 1.
al-Qahirah : Dar al-Shuruq, 1997.
$11.75 (U.S.). 668 p. : ill. ; 24
cm. Brief lives of 90 influential
Egyptians from the 19th and early
20th centuries. 
 

                  ISBN: 9770902918 
 @@ 
9-                    LCN: 97960110
 Imarah, Muhammad. Indama asbahat
Misr Arabiyah Islamiyah / Muhammad
Imarah. Tabah 1. al-Qahirah : Dar
al-Shuruq, 1997. $2.35 (U.S.). 159
p. ; 20 cm. Includes bibliographical
references (p. 157-158). On the
period of transformation in Egypt
from a pre-Islamic, Coptic to an
Islamic, Arab country, for the
general reader. 
 

                  ISBN: 9770903736 
 @@ 
10-                   LCN: 97960111
 Khalif, Mayy Yusuf. al-Mawqif
al-nafsi inda shuara al-Muallaqat :
1 : al-Ightirab / Mayy Yusuf Khalif.
al-Qahirah : Dar Gharib lil-Tibaah
wa-al-Nashr wa-al-Tawzi, [1997]
$2.35 (U.S.). 120 p. ; 24 cm.
Includes bibliographical references
(p. 118-119). Psychological study of
the themes of pre-Islamic poetry. 
 

                  ISBN: 9772152010 
 @@ 
11-                   LCN: 97960112
 Sharqawi, Jalal. Hayati fi
al-masrah : al-kitab al-awwal :
al-juz al-awwal : Rihlat al-hayah /
Jalal al-Sharqawi. [Cairo] :
al-Hayah al-Misriyah al-Ammah
lil-Kitab, [1997]- $8.55 (U.S.). v
<1 > : ill. ; 24 cm. Reminiscences
and autobiography of an Egyptian
actor-producer. 
 

                  ISBN: 9770150568 
 @@ 
12-                   LCN: 97960113
 Hishmat, Hasan. Tajaribi fi al-fann
wa-al-hayah : lil-fannan Hasan
Hishmat / bi-qalam Hasan Hishmat.
[Cairo] : al-Hayah al-Misriyah
al-Ammah lil-Kitab, 1997. $3.20
(U.S.). 119 p. : ill. ; 24 cm. Life
and work of an Egyptian sculptor. 
 

                  ISBN: 9770150797 
 @@ 
13-                   LCN: 97960114
 Khalif, Mayy Yusuf. Masadir
turathiyah : dirasah fi al-manhaj /
Mayy Yusuf Khalif. al-Qahirah : Dar
Gharib lil-Tibaah wa-al-Nashr
wa-al-Tawzi, [1997] $3.55 (U.S.).
205 p. ; 24 cm. Includes
bibliographical references (p.
201-203). Introductions to key
classic reference sources for Arabic
studies. 
 

                  ISBN: 9772152029 
 @@ 
14-                   LCN: 97960115
 Darwish, Ahmad, al-Istishraq
al-Faransi wa-al-Adab al-Arabi /
Ahmad Darwish. [Cairo] : al-Hayah
al-Misriyah al-Ammah lil-Kitab,
1997. $2.05 (U.S.). 207 p ; 24 cm.
Includes bibliographical references.
On the study of Arab literature by
French orientalists. 
 

                  ISBN: 9770150541 
 @@ 
15-                   LCN: 97960116
 Rashid, Nura. Rijah hawla al-Rais :
hiwar maa shakhsiyat hammah fi Misr
: al-juz al-awwal / Nura Rashid.
[Cairo] : al-Hayah al-Misriyah
al-Ammah lil-Kitab, 1997. $5 (U.S.).
535 p. : ill. ; 24 cm. Accounts of
interviews with ministers and
advisers of Hosni Mubarak's
government. 
 

                  ISBN: 9770147389 
 @@ 


From daemon Tue Jan 21 08:30:44 1997
Received: from rs8.loc.gov (rs8.loc.gov [140.147.248.8]) by poe.acc.Virginia.EDU (8.7.6/8.6.6) with ESMTP id IAA42158 for <pm9k@poe.acc.virginia.edu>; Tue, 21 Jan 1997 08:30:43 -0500
Received: from localhost (cairo@localhost)
          by rs8.loc.gov (8.8.4/8.8.4) with SMTP
	  id IAA109124; Tue, 21 Jan 1997 08:29:49 -0500
Date: Tue, 21 Jan 1997 08:29:49 -0500 (EST)
From: Cairo <cairo@loc.gov>
To: LC-Participants acquisition Circular list -- British Library <colin.baker@mail.bl.uk>,
        indiana univ lib lib11 <shendren@indiana.edu>,
        univ of virginia lib11b <pm9k@poe.acc.virginia.edu>,
        univ of chicago lib13 <mideast-library@uchicago.edu>,
        georgetown univ lib14 <bickettb@gunet.georgetown.edu>,
        univ of washington lib16 <marys@u.washington.edu>,
        new york public lib20 <toddthom@nyplgate.nypl.org>,
        new york univ lib21 <gastonm@elmer1.bobst.nyu.edu>,
        yale lib22 <simon.samoeil@yale.edu>,
        univ of arizona lib23 <midhata@bird.library.arizona.edu>,
        univ of illinois lib24 <naggarwa@uiuc.edu>,
        "portland state univ. lib25" <kern@lib.pdx.edu>,
        temple univ library lib26 <lzein@astro.ocis.temple.edu>,
        "cornell univ. lib35" <ah16@cornell.edu>,
        "McGill Univ. Library lib48" <gacek@lib1.lan.mcgill.ca>,
        columbia lib5 <unlandhe@columbia.edu>,
        washington univ lib50 <Suad-M-Gamal@library.wustl.edu>,
        pennsylvania lib7 <rld@pobox.upenn.edu>
Subject: The Cairo International Book Fair
Message-ID: <Pine.A32.3.93.970121082744.2948A-100000@rs8.loc.gov>
MIME-Version: 1.0
Content-Type: TEXT/PLAIN; charset=US-ASCII
Status: OR


	The offerings at the Cairo International Book Fair this year are
not exciting. Because of the several changes in the timing of the
event and Ramadn fasting month, many participants from outside
Egypt are not exhibiting . Pickings are slim compared to last
year.

	Egyptian publications which we would have expected to be released
for the Fair have already entered the market in December.

Best regards.


