Date: Tue, 10 Dec 1996 09:48:21 -0500 (EST)
From: Cairo <cairo@loc.gov>
Subject: clm97-22

                            List97-22
                   [2 Titles from Saudi Arabia]
 
1-                    LCN: 96966223
Abu Zayd, Bakr ibn Abd Allah.  al-Ajza al-hadithiyah : al-hiwalah - mash
al-wajh bi-al-yadayn - ziyarat al-nisa lil-qubur - hadith al-ajn -
marwiyat dua khatm al-Quran / Bakr ibn Abd Allah Abu Zayd. al-Tabah 1.
al-Saudiyah : Dar al-Asimah, 1996.  $10.30 (U.S.). 364 p. ; 25 cm.
Includes bibliographical references.  Modern study of hadiths on the
transfer of funds, wiping the face after praying, visiting tombs, on
rising from prostration, and the prayer on completing the Koran. 
 @@ 

2-                    LCN: 96966225
Ghusn, Sulayman. Mawqif al-mutakallimin min al-istidlal bi-nusus al-Kitab
wa-al-Sunnah :  ardan wa-naqdan / Sulayman al-Ghusn.  al-Tabah 1.
al-Saudiyah ; Dar al-asimah, 1996. $20.60 (U.S.). 2 vol. ; 25 cm. Includes
bibliographical references. On the use of Koran and Hadith quotations by
theologians of the Abbasid era in particular ; revised doctoral
dissertation.
                  ISBN: 9960749231 
