From daemon Tue Dec 10 09:48:38 1996
Received: from rs8.loc.gov (rs8.loc.gov [140.147.248.8]) by poe.acc.Virginia.EDU (8.7.6/8.6.6) with SMTP id JAA190418 for <pm9k@poe.acc.virginia.edu>; Tue, 10 Dec 1996 09:48:37 -0500
Received: from localhost (cairo@localhost) by rs8.loc.gov (8.6.12/8.6.12) with SMTP id JAA59746; Tue, 10 Dec 1996 09:48:21 -0500
Date: Tue, 10 Dec 1996 09:48:21 -0500 (EST)
From: Cairo <cairo@loc.gov>
To: LC-Participants acquisition Circular list -- British Library <colin.baker@mail.bl.uk>,
        indiana univ lib lib11 <shendren@indiana.edu>,
        univ of verginia lib11b <pm9k@poe.acc.virginia.edu>,
        univ of chicago lib13 <mideast-library@uchicago.edu>,
        georgetown univ lib14 <bickettb@gunet.georgetown.edu>,
        univ of washington lib16 <marys@u.washington.edu>,
        new york public lib20 <toddthom@nyplgate.nypl.org>,
        yale lib22 <samoeil@yalevm.ycc.yale.edu>,
        univ of arizona lib23 <midhata@bird.library.arizona.edu>,
        univ of illinois lib24 <naggarwa@uiuc.edu>,
        "portland state univ. lib25" <kern@lib.pdx.edu>,
        temple univ library lib26 <lzein@astro.ocis.temple.edu>,
        "harvard univ. lib3" <mhopper@fas.harvard.edu>,
        "cornell univ. lib35" <ah16@cornell.edu>,
        "McGill Univ. Library lib48" <gacek@lib1.lan.mcgill.ca>,
        columbia lib5 <unlandhe@columbia.edu>,
        washington univ lib50 <Suad-M-Gamal@library.wustl.edu>,
        pennsylvania lib7 <rld@pobox.upenn.edu>
Subject: clm97-22
Message-ID: <Pine.A32.3.93.961210094753.100748F-100000@rs8.loc.gov>
MIME-Version: 1.0
Content-Type: TEXT/PLAIN; charset=US-ASCII
Status: ORS

                            List97-22
                   [Titles from Saudi Arabia]
 
1-                    LCN: 96966223
 Abu Zayd, Bakr ibn Abd Allah.
al-Ajza al-hadithiyah : al-hiwalah -
mash al-wajh bi-al-yadayn - ziyarat
al-nisa lil-qubur - hadith al-ajn -
marwiyat dua khatm al-Quran / Bakr
ibn Abd Allah Abu Zayd. al-Tabah 1.
al-Saudiyah : Dar al-Asimah, 1996.
$10.30 (U.S.). 364 p. ; 25 cm.
Includes bibliographical references.
Modern study of hadiths on the
transfer of funds, wiping the face
after praying, visiting tombs, on
rising from prostration, and the
prayer on completing the Koran. 
 
 
 @@ 
2-                    LCN: 96966225
 Ghusn, Sulayman. Mawqif
al-mutakallimin min al-istidlal
bi-nusus al-Kitab wa-al-Sunnah :
ardan wa-naqdan / Sulayman al-Ghusn.
al-Tabah 1. al-Saudiyah ; Dar
al-asimah, 1996. $20.60 (U.S.). 2
vol. ; 25 cm. Includes
bibliographical references. On the
use of Koran and Hadith quotations
by theologians of the Abbasid era in
particular ; revised doctoral
dissertation.
 

                  ISBN: 9960749231 



